// Jest Snapshot v1, https://goo.gl/fbAQLP

exports[`SignInForm snapshot renders 1`] = `
<form
  action="#"
  onReset={[Function]}
  onSubmit={[Function]}
>
  <label
    htmlFor="email"
  >
    <div>
      Email
    </div>
    <input
      name="email"
      onBlur={[Function]}
      onChange={[Function]}
      placeholder="janedoe@gmail.com"
      type="email"
      value=""
    />
  </label>
  <label
    htmlFor="password"
  >
    <div>
      Password
    </div>
    <input
      name="password"
      onBlur={[Function]}
      onChange={[Function]}
      placeholder="password123"
      type="password"
      value=""
    />
  </label>
  <button
    type="submit"
  >
    Sign In
  </button>
</form>
`;
